github.com/fallofpheonix/Phoenix.Nucleus/PhoenixMind/security/prompt_security.go:100:	SanitizeInput		0.0%
github.com/fallofpheonix/Phoenix.Nucleus/PhoenixMind/security/prompt_security.go:116:	ValidateOutput		0.0%
github.com/fallofpheonix/Phoenix.Nucleus/PhoenixMind/security/prompt_security.go:131:	DetectInjection		0.0%
github.com/fallofpheonix/Phoenix.Nucleus/authority/audit.go:95:				NewRegistry		100.0%
github.com/fallofpheonix/Phoenix.Nucleus/authority/audit.go:114:			SetState		0.0%
github.com/fallofpheonix/Phoenix.Nucleus/authority/audit.go:135:			GetState		0.0%
github.com/fallofpheonix/Phoenix.Nucleus/authority/audit.go:156:			IssueRootAuthority	83.3%
github.com/fallofpheonix/Phoenix.Nucleus/authority/audit.go:179:			DelegateAuthority	93.3%
github.com/fallofpheonix/Phoenix.Nucleus/authority/audit.go:218:			AuditConservation	83.3%
github.com/fallofpheonix/Phoenix.Nucleus/authority/audit.go:230:			calculateSum		100.0%
github.com/fallofpheonix/Phoenix.Nucleus/authority/audit.go:250:			RevokeAuthority		0.0%
github.com/fallofpheonix/Phoenix.Nucleus/authority/audit.go:261:			recursiveSetState	0.0%
github.com/fallofpheonix/Phoenix.Nucleus/authority/audit.go:275:			IsRevoked		0.0%
github.com/fallofpheonix/Phoenix.Nucleus/authority/audit.go:290:			ReconstructFromLedger	0.0%
github.com/fallofpheonix/Phoenix.Nucleus/authority/conservation.go:80:			VerifyDelegation	0.0%
github.com/fallofpheonix/Phoenix.Nucleus/authority/manager.go:25:			NewManager		0.0%
github.com/fallofpheonix/Phoenix.Nucleus/authority/manager.go:33:			RegisterToken		0.0%
github.com/fallofpheonix/Phoenix.Nucleus/authority/manager.go:40:			RevokeToken		0.0%
github.com/fallofpheonix/Phoenix.Nucleus/authority/manager.go:47:			Validate		0.0%
github.com/fallofpheonix/Phoenix.Nucleus/authority/policy.go:30:			NewPolicyEngine		0.0%
github.com/fallofpheonix/Phoenix.Nucleus/authority/policy.go:37:			Commit			0.0%
github.com/fallofpheonix/Phoenix.Nucleus/authority/policy.go:42:			ReconstructFromLedger	0.0%
github.com/fallofpheonix/Phoenix.Nucleus/capability/token.go:31:			Attenuate		100.0%
github.com/fallofpheonix/Phoenix.Nucleus/capability/token.go:51:			CalculateSignature	100.0%
github.com/fallofpheonix/Phoenix.Nucleus/ledger/chain.go:79:				NewChain		100.0%
github.com/fallofpheonix/Phoenix.Nucleus/ledger/chain.go:101:				Append			72.2%
github.com/fallofpheonix/Phoenix.Nucleus/ledger/chain.go:144:				GetHead			80.0%
github.com/fallofpheonix/Phoenix.Nucleus/ledger/chain.go:163:				GetEventByHash		0.0%
github.com/fallofpheonix/Phoenix.Nucleus/ledger/chain.go:180:				GetBySequence		0.0%
github.com/fallofpheonix/Phoenix.Nucleus/ledger/chain.go:199:				VerifyChain		66.7%
github.com/fallofpheonix/Phoenix.Nucleus/ledger/event.go:280:				CalculateHash		100.0%
github.com/fallofpheonix/Phoenix.Nucleus/ledger/event.go:308:				NewEvent		100.0%
github.com/fallofpheonix/Phoenix.Nucleus/ledger/genesis.go:71:				CalculateHash		100.0%
github.com/fallofpheonix/Phoenix.Nucleus/ledger/genesis.go:87:				NewGenesisBlock		100.0%
github.com/fallofpheonix/Phoenix.Nucleus/ledger/persistor.go:15:			NewPersistor		75.0%
github.com/fallofpheonix/Phoenix.Nucleus/ledger/persistor.go:24:			Append			80.0%
github.com/fallofpheonix/Phoenix.Nucleus/ledger/persistor.go:34:			Load			75.0%
github.com/fallofpheonix/Phoenix.Nucleus/ledger/persistor.go:55:			Close			100.0%
github.com/fallofpheonix/Phoenix.Nucleus/ledger/reality.go:78:				CalculateConfidence	83.3%
github.com/fallofpheonix/Phoenix.Nucleus/ledger/reality.go:119:				IsValid			100.0%
github.com/fallofpheonix/Phoenix.Nucleus/ledger/snapshot.go:84:				NewSnapshotEngine	0.0%
github.com/fallofpheonix/Phoenix.Nucleus/ledger/snapshot.go:99:				Take			0.0%
github.com/fallofpheonix/Phoenix.Nucleus/ledger/snapshot.go:121:			Verify			0.0%
github.com/fallofpheonix/Phoenix.Nucleus/recovery/boot.go:23:				NewBootloader		0.0%
github.com/fallofpheonix/Phoenix.Nucleus/recovery/boot.go:28:				GenesisBoot		0.0%
github.com/fallofpheonix/Phoenix.Nucleus/recovery/boot.go:46:				ReplayBoot		0.0%
total:											(statements)		44.9%
