github.com/fallofpheonix/PhoenixDistributed/consensus/poa.go:39:		NewPoAEngine			0.0%
github.com/fallofpheonix/PhoenixDistributed/consensus/poa.go:48:		RequestQuorum			0.0%
github.com/fallofpheonix/PhoenixDistributed/discovery/beacon.go:30:		NewBeaconTransport		0.0%
github.com/fallofpheonix/PhoenixDistributed/discovery/beacon.go:38:		Start				0.0%
github.com/fallofpheonix/PhoenixDistributed/discovery/beacon.go:50:		Stop				0.0%
github.com/fallofpheonix/PhoenixDistributed/discovery/beacon.go:57:		Peers				0.0%
github.com/fallofpheonix/PhoenixDistributed/discovery/beacon.go:68:		Watch				0.0%
github.com/fallofpheonix/PhoenixDistributed/discovery/beacon.go:77:		Register			0.0%
github.com/fallofpheonix/PhoenixDistributed/discovery/beacon.go:85:		listen				0.0%
github.com/fallofpheonix/PhoenixDistributed/discovery/beacon.go:138:		notifyWatchers			0.0%
github.com/fallofpheonix/PhoenixDistributed/discovery/beacon.go:151:		broadcast			0.0%
github.com/fallofpheonix/PhoenixDistributed/discovery/registry.go:31:		NewPeerRegistry			0.0%
github.com/fallofpheonix/PhoenixDistributed/discovery/registry.go:38:		Register			0.0%
github.com/fallofpheonix/PhoenixDistributed/discovery/registry.go:67:		GetAuthenticatedPeers		0.0%
github.com/fallofpheonix/PhoenixDistributed/discovery/registry.go:81:		AdjustReputation		0.0%
github.com/fallofpheonix/PhoenixDistributed/identity/node.go:40:		NewNodeRegistry			100.0%
github.com/fallofpheonix/PhoenixDistributed/identity/node.go:47:		RegisterNode			90.0%
github.com/fallofpheonix/PhoenixDistributed/identity/node.go:71:		AdjustReputation		0.0%
github.com/fallofpheonix/PhoenixDistributed/identity/node.go:87:		ExchangeProof			0.0%
github.com/fallofpheonix/PhoenixDistributed/identity/node.go:108:		GetTotalWeight			100.0%
github.com/fallofpheonix/PhoenixDistributed/identity/node.go:120:		GetPeer				0.0%
github.com/fallofpheonix/PhoenixDistributed/identity/node.go:127:		verifyCertificateSignature	100.0%
github.com/fallofpheonix/PhoenixDistributed/ledger/consensus.go:26:		NewConsensusEngine		0.0%
github.com/fallofpheonix/PhoenixDistributed/ledger/consensus.go:41:		ProposeState			0.0%
github.com/fallofpheonix/PhoenixDistributed/ledger/consensus.go:84:		HandleAnomaly			0.0%
github.com/fallofpheonix/PhoenixDistributed/ledger/distributed_ledger.go:25:	NewDistributedLedger		0.0%
github.com/fallofpheonix/PhoenixDistributed/ledger/distributed_ledger.go:33:	AddEntry			0.0%
github.com/fallofpheonix/PhoenixDistributed/ledger/distributed_ledger.go:38:	AddEntryV2			0.0%
github.com/fallofpheonix/PhoenixDistributed/ledger/distributed_ledger.go:58:	GenerateCertificate		0.0%
github.com/fallofpheonix/PhoenixDistributed/ledger/distributed_ledger.go:63:	Propose				0.0%
github.com/fallofpheonix/PhoenixDistributed/ledger/distributed_ledger.go:71:	Commit				0.0%
github.com/fallofpheonix/PhoenixDistributed/ledger/distributed_ledger.go:76:	Get				0.0%
github.com/fallofpheonix/PhoenixDistributed/ledger/distributed_ledger.go:81:	Subscribe			0.0%
github.com/fallofpheonix/PhoenixDistributed/ledger/distributed_ledger.go:86:	Verify				0.0%
github.com/fallofpheonix/PhoenixDistributed/ledger/stub.go:24:			NewStubConsensusLedger		0.0%
github.com/fallofpheonix/PhoenixDistributed/ledger/stub.go:31:			Propose				0.0%
github.com/fallofpheonix/PhoenixDistributed/ledger/stub.go:55:			Commit				0.0%
github.com/fallofpheonix/PhoenixDistributed/ledger/stub.go:60:			Get				0.0%
github.com/fallofpheonix/PhoenixDistributed/ledger/stub.go:70:			Subscribe			0.0%
github.com/fallofpheonix/PhoenixDistributed/ledger/stub.go:79:			Verify				0.0%
github.com/fallofpheonix/PhoenixDistributed/replication/sync.go:37:		NewReplicationEngine		100.0%
github.com/fallofpheonix/PhoenixDistributed/replication/sync.go:48:		Replicate			100.0%
github.com/fallofpheonix/PhoenixDistributed/replication/sync.go:76:		GetHead				0.0%
total:										(statements)			14.0%
