github.com/fallofpheonix/PhoenixKernel/bridge/event_stream.go:43:	NewTelemetryBridge	0.0%
github.com/fallofpheonix/PhoenixKernel/bridge/event_stream.go:51:	Start			0.0%
github.com/fallofpheonix/PhoenixKernel/ebpf_loader.go:46:		NewLoader		0.0%
github.com/fallofpheonix/PhoenixKernel/ebpf_loader.go:55:		Load			0.0%
github.com/fallofpheonix/PhoenixKernel/ebpf_loader.go:112:		pollEvents		0.0%
github.com/fallofpheonix/PhoenixKernel/ebpf_loader.go:147:		BlockPID		0.0%
github.com/fallofpheonix/PhoenixKernel/ebpf_loader.go:160:		UnblockPID		0.0%
github.com/fallofpheonix/PhoenixKernel/ebpf_loader.go:172:		Close			0.0%
github.com/fallofpheonix/PhoenixKernel/ebpf_probe.go:64:		NewEBPFProbe		0.0%
github.com/fallofpheonix/PhoenixKernel/ebpf_probe.go:77:		Start			0.0%
github.com/fallofpheonix/PhoenixKernel/ebpf_probe.go:92:		Stop			0.0%
github.com/fallofpheonix/PhoenixKernel/ebpf_test_harness.go:19:		Publish			0.0%
github.com/fallofpheonix/PhoenixKernel/ebpf_test_harness.go:23:		RunHarness		0.0%
github.com/fallofpheonix/PhoenixKernel/enforcer.go:48:			NewEnforcer		0.0%
github.com/fallofpheonix/PhoenixKernel/enforcer.go:74:			Observe			0.0%
github.com/fallofpheonix/PhoenixKernel/enforcer.go:125:			generateEventID		0.0%
github.com/fallofpheonix/PhoenixKernel/hooks/ebpf_enforcer.go:10:	Enforce			0.0%
github.com/fallofpheonix/PhoenixKernel/hooks/ebpf_enforcer.go:11:	ValidateProgram		0.0%
github.com/fallofpheonix/PhoenixKernel/hooks/isolation.go:28:		NewEnforcer		0.0%
github.com/fallofpheonix/PhoenixKernel/hooks/isolation.go:33:		IsolatePID		0.0%
github.com/fallofpheonix/PhoenixKernel/hooks/isolation.go:42:		ReleasePID		0.0%
github.com/fallofpheonix/PhoenixKernel/hooks/isolation.go:50:		IsBlocked		0.0%
github.com/fallofpheonix/PhoenixKernel/hooks/profiles.go:33:		NewProfileManager	0.0%
github.com/fallofpheonix/PhoenixKernel/hooks/profiles.go:38:		LoadProfile		0.0%
github.com/fallofpheonix/PhoenixKernel/hooks/profiles.go:46:		ClearProfile		0.0%
github.com/fallofpheonix/PhoenixKernel/hooks/profiles.go:54:		SetSyscallBit		0.0%
github.com/fallofpheonix/PhoenixKernel/live/clock_sync.go:8:		Sync			0.0%
github.com/fallofpheonix/PhoenixKernel/live/overflow_handler.go:8:	Handle			0.0%
github.com/fallofpheonix/PhoenixKernel/live/probe_loader.go:12:		Load			0.0%
github.com/fallofpheonix/PhoenixKernel/runtime/affinity_runner.go:15:	LockToCore		0.0%
github.com/fallofpheonix/PhoenixKernel/runtime/affinity_runner.go:22:	CurrentCore		0.0%
github.com/fallofpheonix/PhoenixKernel/runtime/cgroups_stub.go:27:	FreezePID		100.0%
github.com/fallofpheonix/PhoenixKernel/runtime/cgroups_stub.go:32:	ThawPID			100.0%
github.com/fallofpheonix/PhoenixKernel/runtime/clock_skew.go:15:	RecordSkew		0.0%
github.com/fallofpheonix/PhoenixKernel/runtime/clock_skew.go:19:	GetDrift		0.0%
github.com/fallofpheonix/PhoenixKernel/runtime/namespaces_stub.go:16:	NamespaceSever		0.0%
github.com/fallofpheonix/PhoenixKernel/runtime/namespaces_stub.go:22:	EnsureBlackholeExists	0.0%
github.com/fallofpheonix/PhoenixKernel/runtime/probe_injector.go:19:	NewProbeInjector	0.0%
github.com/fallofpheonix/PhoenixKernel/runtime/probe_injector.go:23:	InjectEvent		0.0%
github.com/fallofpheonix/PhoenixKernel/runtime/probe_injector.go:27:	StressBurst		0.0%
github.com/fallofpheonix/PhoenixKernel/runtime/replay_bridge.go:20:	NewReplayBridge		0.0%
github.com/fallofpheonix/PhoenixKernel/runtime/replay_bridge.go:27:	Sync			0.0%
github.com/fallofpheonix/PhoenixKernel/runtime/ring_monitor.go:19:	NewRingMonitor		0.0%
github.com/fallofpheonix/PhoenixKernel/runtime/ring_monitor.go:23:	GetPressure		0.0%
github.com/fallofpheonix/PhoenixKernel/runtime/ring_monitor.go:27:	GetDroppedCount		0.0%
github.com/fallofpheonix/PhoenixKernel/sandbox/enforcement.go:11:	EnforceIsolation	0.0%
github.com/fallofpheonix/PhoenixKernel/sandbox/simulator.go:39:		NewKernelSimulator	0.0%
github.com/fallofpheonix/PhoenixKernel/sandbox/simulator.go:51:		SubmitToRingBuffer	0.0%
github.com/fallofpheonix/PhoenixKernel/sandbox/simulator.go:71:		ConsumeFromRingBuffer	0.0%
github.com/fallofpheonix/PhoenixKernel/sandbox/simulator.go:83:		RequestEnergy		0.0%
github.com/fallofpheonix/PhoenixKernel/sandbox/simulator.go:92:		UpdateMap		0.0%
github.com/fallofpheonix/PhoenixKernel/sandbox/simulator.go:101:	CheckStackDepth		0.0%
github.com/fallofpheonix/PhoenixKernel/sandbox/simulator.go:110:	Panic			0.0%
total:									(statements)		1.0%
