github.com/fallofpheonix/Phoenix.Cognition/knowledge/belief.go:51:		NewBeliefEngine		100.0%
github.com/fallofpheonix/Phoenix.Cognition/knowledge/belief.go:61:		Commit			100.0%
github.com/fallofpheonix/Phoenix.Cognition/knowledge/belief.go:79:		GetLatest		100.0%
github.com/fallofpheonix/Phoenix.Cognition/knowledge/belief.go:95:		ReconstructFromLedger	90.9%
github.com/fallofpheonix/Phoenix.Cognition/knowledge/graph.go:49:		NewGraph		100.0%
github.com/fallofpheonix/Phoenix.Cognition/knowledge/graph.go:58:		AddNode			100.0%
github.com/fallofpheonix/Phoenix.Cognition/knowledge/graph.go:67:		AddEdge			100.0%
github.com/fallofpheonix/Phoenix.Cognition/knowledge/graph.go:83:		ReconstructFromLedger	100.0%
github.com/fallofpheonix/Phoenix.Cognition/memory/memory.go:45:			NewMemory		100.0%
github.com/fallofpheonix/Phoenix.Cognition/memory/memory.go:54:			Store			100.0%
github.com/fallofpheonix/Phoenix.Cognition/memory/memory.go:65:			Recall			100.0%
github.com/fallofpheonix/Phoenix.Cognition/memory/memory.go:77:			RecallVersion		100.0%
github.com/fallofpheonix/Phoenix.Cognition/memory/replay.go:21:			ReconstructFromLedger	100.0%
github.com/fallofpheonix/Phoenix.Cognition/memory/sqlite_store.go:30:		NewVectorStore		87.5%
github.com/fallofpheonix/Phoenix.Cognition/memory/sqlite_store.go:51:		initializeSchema	100.0%
github.com/fallofpheonix/Phoenix.Cognition/memory/sqlite_store.go:92:		PersistFact		100.0%
github.com/fallofpheonix/Phoenix.Cognition/memory/sqlite_store.go:147:		SearchSemantic		88.9%
github.com/fallofpheonix/Phoenix.Cognition/memory/sqlite_store.go:166:		Close			100.0%
github.com/fallofpheonix/Phoenix.Cognition/memory/tiered.go:44:			NewTieredMemory		100.0%
github.com/fallofpheonix/Phoenix.Cognition/memory/tiered.go:55:			Ingest			100.0%
github.com/fallofpheonix/Phoenix.Cognition/memory/tiered.go:65:			Consolidate		78.6%
github.com/fallofpheonix/Phoenix.Cognition/memory/tiered.go:98:			Decay			100.0%
github.com/fallofpheonix/Phoenix.Cognition/memory/tiered.go:112:		Search			83.3%
github.com/fallofpheonix/Phoenix.Cognition/reasoning/explanation.go:30:		String			100.0%
github.com/fallofpheonix/Phoenix.Cognition/reasoning/explanation.go:52:		NewExplainer		100.0%
github.com/fallofpheonix/Phoenix.Cognition/reasoning/explanation.go:65:		AddLink			100.0%
github.com/fallofpheonix/Phoenix.Cognition/reasoning/explanation.go:87:		GenerateCounterfactual	100.0%
github.com/fallofpheonix/Phoenix.Cognition/reasoning/explanation.go:107:	ExplainIgnored		100.0%
github.com/fallofpheonix/Phoenix.Cognition/reflection/drift.go:25:		NewRealityDriftAuditor	100.0%
github.com/fallofpheonix/Phoenix.Cognition/reflection/drift.go:35:		RecordError		100.0%
github.com/fallofpheonix/Phoenix.Cognition/reflection/drift.go:54:		Reset			100.0%
github.com/fallofpheonix/Phoenix.Cognition/reflection/prediction.go:39:		NewEngine		100.0%
github.com/fallofpheonix/Phoenix.Cognition/reflection/prediction.go:49:		Predict			100.0%
github.com/fallofpheonix/Phoenix.Cognition/reflection/prediction.go:63:		Verify			88.9%
github.com/fallofpheonix/Phoenix.Cognition/reflection/prediction.go:88:		calculateDivergence	94.7%
github.com/fallofpheonix/Phoenix.Cognition/reflection/prediction.go:131:	CalculateAccuracy	100.0%
github.com/fallofpheonix/Phoenix.Cognition/reflection/prediction.go:142:	ReconstructFromLedger	100.0%
github.com/fallofpheonix/Phoenix.Cognition/security/model_security.go:98:	AuthenticateModel	0.0%
github.com/fallofpheonix/Phoenix.Cognition/security/model_security.go:111:	ValidateResponse	0.0%
github.com/fallofpheonix/Phoenix.Cognition/security/model_security.go:126:	MonitorPerformance	0.0%
total:										(statements)		91.6%
