github.com/fallofpheonix/Phoenix.Arbiter
github.com/fallofpheonix/Phoenix.Cognition
github.com/fallofpheonix/Phoenix.Crucible
github.com/fallofpheonix/PhoenixCore
github.com/fallofpheonix/PhoenixDistributed
github.com/fallofpheonix/PhoenixGuard
github.com/fallofpheonix/PhoenixKernel
github.com/fallofpheonix/PhoenixMind
github.com/fallofpheonix/PhoenixRedteam
github.com/fallofpheonix/PhoenixTrace
github.com/fallofpheonix/PhoenixTruth
github.com/fallofpheonix/PhoenixValidation
github.com/fallofpheonix/phoenix-os
phoenix/ui/service
github.com/cilium/ebpf v0.21.0
github.com/containerd/stargz-snapshotter/estargz v0.16.3
github.com/davecgh/go-spew v1.1.2-0.20180830191138-d8f796af33cc
github.com/docker/cli v29.2.0+incompatible
github.com/docker/distribution v2.8.3+incompatible
github.com/docker/docker-credential-helpers v0.9.3
github.com/fallofpheonix/Phoenix.Nucleus v0.0.0 => ./core/Phoenix.Nucleus
github.com/fallofpheonix/PhoenixStimulation v0.0.0-00010101000000-000000000000 => ./core/Phoenix.Crucible/PhoenixStimulation
github.com/fallofpheonix/phoenix-os/phoenixmind-core v0.0.0 => ./core/Phoenix.Terminus/PhoenixOS/core/pheonixmind-core
github.com/fallofpheonix/phoenix-os/phoenixmind-observability v0.0.0-00010101000000-000000000000 => ./core/Phoenix.Terminus/PhoenixOS/observability
github.com/fallofpheonix/phoenixmind-validator/truth/evidence v0.0.0-00010101000000-000000000000 => ./core/Phoenix.Terminus/PhoenixOS/phoenixmind-validator/truth/evidence
github.com/go-quicktest/qt v1.101.1-0.20240301121107-c6c8733fa1e6
github.com/golang/protobuf v1.5.0
github.com/google/go-cmp v0.7.0
github.com/google/go-containerregistry v0.20.6
github.com/inconshreveable/mousetrap v1.1.0
github.com/josharian/native v1.1.0
github.com/jsimonetti/rtnetlink/v2 v2.0.1
github.com/klauspost/compress v1.18.0
github.com/kr/pretty v0.3.1
github.com/kr/text v0.2.0
github.com/mattn/go-sqlite3 v1.14.44
github.com/mdlayher/netlink v1.7.2
github.com/mdlayher/socket v0.5.1
github.com/mitchellh/go-homedir v1.1.0
github.com/opencontainers/go-digest v1.0.0
github.com/opencontainers/image-spec v1.1.1
github.com/pmezard/go-difflib v1.0.1-0.20181226105442-5d4384ee4fb2
github.com/rogpeppe/go-internal v1.12.0
github.com/sirupsen/logrus v1.9.3
github.com/spf13/cobra v1.9.1
github.com/spf13/pflag v1.0.7
github.com/stretchr/testify v1.10.0
github.com/vbatts/tar-split v0.12.1
golang.org/x/mod v0.29.0
golang.org/x/net v0.46.0
golang.org/x/sync v0.17.0
golang.org/x/sys v0.37.0
golang.org/x/tools v0.38.0
google.golang.org/protobuf v1.36.11
gotest.tools/v3 v3.5.0
