github.com/fallofpheonix/Phoenix.Crucible/PhoenixChampions/src/pscript/ast.go:38:							Pos			0.0%
github.com/fallofpheonix/Phoenix.Crucible/PhoenixChampions/src/pscript/ast.go:46:							Pos			0.0%
github.com/fallofpheonix/Phoenix.Crucible/PhoenixChampions/src/pscript/ast.go:47:							statementNode		0.0%
github.com/fallofpheonix/Phoenix.Crucible/PhoenixChampions/src/pscript/ast.go:56:							Pos			0.0%
github.com/fallofpheonix/Phoenix.Crucible/PhoenixChampions/src/pscript/ast.go:57:							statementNode		0.0%
github.com/fallofpheonix/Phoenix.Crucible/PhoenixChampions/src/pscript/ast.go:66:							Pos			0.0%
github.com/fallofpheonix/Phoenix.Crucible/PhoenixChampions/src/pscript/ast.go:67:							statementNode		0.0%
github.com/fallofpheonix/Phoenix.Crucible/PhoenixChampions/src/pscript/ast.go:76:							Pos			0.0%
github.com/fallofpheonix/Phoenix.Crucible/PhoenixChampions/src/pscript/ast.go:77:							statementNode		0.0%
github.com/fallofpheonix/Phoenix.Crucible/PhoenixChampions/src/pscript/ast.go:84:							Pos			0.0%
github.com/fallofpheonix/Phoenix.Crucible/PhoenixChampions/src/pscript/ast.go:85:							statementNode		0.0%
github.com/fallofpheonix/Phoenix.Crucible/PhoenixChampions/src/pscript/ast.go:95:							Pos			0.0%
github.com/fallofpheonix/Phoenix.Crucible/PhoenixChampions/src/pscript/ast.go:96:							expressionNode		0.0%
github.com/fallofpheonix/Phoenix.Crucible/PhoenixChampions/src/pscript/lexer.go:87:							NewLexer		100.0%
github.com/fallofpheonix/Phoenix.Crucible/PhoenixChampions/src/pscript/lexer.go:93:							readChar		100.0%
github.com/fallofpheonix/Phoenix.Crucible/PhoenixChampions/src/pscript/lexer.go:103:							peekChar		66.7%
github.com/fallofpheonix/Phoenix.Crucible/PhoenixChampions/src/pscript/lexer.go:110:							NextToken		64.8%
github.com/fallofpheonix/Phoenix.Crucible/PhoenixChampions/src/pscript/lexer.go:201:							skipWhitespace		100.0%
github.com/fallofpheonix/Phoenix.Crucible/PhoenixChampions/src/pscript/lexer.go:207:							readIdentifier		100.0%
github.com/fallofpheonix/Phoenix.Crucible/PhoenixChampions/src/pscript/lexer.go:215:							readNumber		100.0%
github.com/fallofpheonix/Phoenix.Crucible/PhoenixChampions/src/pscript/lexer.go:223:							handleNewline		91.7%
github.com/fallofpheonix/Phoenix.Crucible/PhoenixChampions/src/pscript/lexer.go:266:							isLetter		100.0%
github.com/fallofpheonix/Phoenix.Crucible/PhoenixChampions/src/pscript/lexer.go:270:							isDigit			100.0%
github.com/fallofpheonix/Phoenix.Crucible/PhoenixChampions/src/pscript/lexer.go:274:							String			0.0%
github.com/fallofpheonix/Phoenix.Crucible/PhoenixChampions/src/pscript/parser.go:28:							NewParser		100.0%
github.com/fallofpheonix/Phoenix.Crucible/PhoenixChampions/src/pscript/parser.go:35:							nextToken		100.0%
github.com/fallofpheonix/Phoenix.Crucible/PhoenixChampions/src/pscript/parser.go:40:							ParseProgram		100.0%
github.com/fallofpheonix/Phoenix.Crucible/PhoenixChampions/src/pscript/parser.go:55:							parseStatement		87.5%
github.com/fallofpheonix/Phoenix.Crucible/PhoenixChampions/src/pscript/parser.go:74:							parseStateDeclaration	71.4%
github.com/fallofpheonix/Phoenix.Crucible/PhoenixChampions/src/pscript/parser.go:85:							parseForLoop		58.8%
github.com/fallofpheonix/Phoenix.Crucible/PhoenixChampions/src/pscript/parser.go:140:							parseIfStatement	77.8%
github.com/fallofpheonix/Phoenix.Crucible/PhoenixChampions/src/pscript/parser.go:157:							parseBlock		76.9%
github.com/fallofpheonix/Phoenix.Crucible/PhoenixChampions/src/pscript/parser.go:182:							parseCondition		73.3%
github.com/fallofpheonix/Phoenix.Crucible/PhoenixChampions/src/pscript/parser.go:205:							parseCommand		77.8%
github.com/fallofpheonix/Phoenix.Crucible/PhoenixChampions/src/pscript/parser.go:222:							isOperator		100.0%
github.com/fallofpheonix/Phoenix.Crucible/PhoenixChampions/src/pscript/parser.go:226:							addError		0.0%
github.com/fallofpheonix/Phoenix.Crucible/PhoenixChampions/src/pscript/parser.go:230:							Errors			100.0%
github.com/fallofpheonix/Phoenix.Crucible/PhoenixChampions/src/pscript/vm.go:51:							NewVirtualMachine	100.0%
github.com/fallofpheonix/Phoenix.Crucible/PhoenixChampions/src/pscript/vm.go:67:							Execute			87.5%
github.com/fallofpheonix/Phoenix.Crucible/PhoenixChampions/src/pscript/vm.go:81:							executeStatement	66.7%
github.com/fallofpheonix/Phoenix.Crucible/PhoenixChampions/src/pscript/vm.go:113:							executeCommand		88.9%
github.com/fallofpheonix/Phoenix.Crucible/PhoenixChampions/src/pscript/vm.go:132:							step			78.6%
github.com/fallofpheonix/Phoenix.Crucible/PhoenixChampions/src/pscript/vm.go:161:							evaluateCondition	0.0%
github.com/fallofpheonix/Phoenix.Crucible/PhoenixVirtualization/frontend/node_modules/flatted/golang/pkg/flatted/flatted.go:23:		Stringify		0.0%
github.com/fallofpheonix/Phoenix.Crucible/PhoenixVirtualization/frontend/node_modules/flatted/golang/pkg/flatted/flatted.go:152:	Parse			0.0%
github.com/fallofpheonix/Phoenix.Crucible/PhoenixVirtualization/frontend/node_modules/flatted/golang/pkg/flatted/flatted.go:214:	revive			0.0%
github.com/fallofpheonix/Phoenix.Crucible/PhoenixVirtualization/frontend/node_modules/flatted/golang/pkg/flatted/flatted.go:232:	loop			0.0%
github.com/fallofpheonix/Phoenix.Crucible/PhoenixVirtualization/frontend/node_modules/flatted/golang/pkg/flatted/flatted.go:254:	ref			0.0%
github.com/fallofpheonix/Phoenix.Crucible/PhoenixVirtualization/frontend/node_modules/flatted/golang/pkg/flatted/flatted.go:267:	ToJSON			0.0%
github.com/fallofpheonix/Phoenix.Crucible/PhoenixVirtualization/frontend/node_modules/flatted/golang/pkg/flatted/flatted.go:278:	FromJSON		0.0%
github.com/fallofpheonix/Phoenix.Crucible/game/bitburner-src/node_modules/flatted/golang/pkg/flatted/flatted.go:23:			Stringify		0.0%
github.com/fallofpheonix/Phoenix.Crucible/game/bitburner-src/node_modules/flatted/golang/pkg/flatted/flatted.go:152:			Parse			0.0%
github.com/fallofpheonix/Phoenix.Crucible/game/bitburner-src/node_modules/flatted/golang/pkg/flatted/flatted.go:214:			revive			0.0%
github.com/fallofpheonix/Phoenix.Crucible/game/bitburner-src/node_modules/flatted/golang/pkg/flatted/flatted.go:232:			loop			0.0%
github.com/fallofpheonix/Phoenix.Crucible/game/bitburner-src/node_modules/flatted/golang/pkg/flatted/flatted.go:254:			ref			0.0%
github.com/fallofpheonix/Phoenix.Crucible/game/bitburner-src/node_modules/flatted/golang/pkg/flatted/flatted.go:267:			ToJSON			0.0%
github.com/fallofpheonix/Phoenix.Crucible/game/bitburner-src/node_modules/flatted/golang/pkg/flatted/flatted.go:278:			FromJSON		0.0%
github.com/fallofpheonix/Phoenix.Crucible/game/context/context.go:27:									NewApplicationContext	0.0%
github.com/fallofpheonix/Phoenix.Crucible/game/context/context.go:37:									Auth			0.0%
github.com/fallofpheonix/Phoenix.Crucible/game/context/context.go:40:									Sequence		0.0%
github.com/fallofpheonix/Phoenix.Crucible/game/context/context.go:48:									Entropy			0.0%
github.com/fallofpheonix/Phoenix.Crucible/game/context/context.go:51:									Coherence		0.0%
github.com/fallofpheonix/Phoenix.Crucible/game/context/context.go:54:									CommitEvent		0.0%
github.com/fallofpheonix/Phoenix.Crucible/game/ecs/population.go:14:									NewPopulationSystem	100.0%
github.com/fallofpheonix/Phoenix.Crucible/game/ecs/population.go:19:									Update			100.0%
github.com/fallofpheonix/Phoenix.Crucible/game/ecs/reconciliation.go:16:								NewReconciliationSystem	100.0%
github.com/fallofpheonix/Phoenix.Crucible/game/ecs/reconciliation.go:21:								StateHash		0.0%
github.com/fallofpheonix/Phoenix.Crucible/game/ecs/reconciliation.go:39:								Rebuild			100.0%
github.com/fallofpheonix/Phoenix.Crucible/game/ecs/registry.go:21:									NewRegistry		100.0%
github.com/fallofpheonix/Phoenix.Crucible/game/ecs/registry.go:31:									CreateEntity		100.0%
github.com/fallofpheonix/Phoenix.Crucible/game/ecs/registry.go:40:									Apply			100.0%
github.com/fallofpheonix/Phoenix.Crucible/game/ecs/registry.go:47:									applyUnsafe		92.3%
github.com/fallofpheonix/Phoenix.Crucible/game/ecs/registry.go:73:									Save			0.0%
github.com/fallofpheonix/Phoenix.Crucible/game/ecs/registry.go:90:									Load			0.0%
github.com/fallofpheonix/Phoenix.Crucible/game/engines/audit.go:14:									NewAuditEngine		100.0%
github.com/fallofpheonix/Phoenix.Crucible/game/engines/audit.go:21:									VerifyEvent		0.0%
github.com/fallofpheonix/Phoenix.Crucible/game/engines/audit.go:36:									CheckCorrelatedDrift	80.0%
github.com/fallofpheonix/Phoenix.Crucible/game/engines/court.go:26:									NewCourtEngine		100.0%
github.com/fallofpheonix/Phoenix.Crucible/game/engines/court.go:35:									Adjudicate		80.0%
github.com/fallofpheonix/Phoenix.Crucible/game/engines/court.go:45:									adjudicateAnomaly	100.0%
github.com/fallofpheonix/Phoenix.Crucible/game/engines/court.go:58:									adjudicateDoctrine	100.0%
github.com/fallofpheonix/Phoenix.Crucible/game/engines/court.go:72:									calculateVerdict	75.0%
github.com/fallofpheonix/Phoenix.Crucible/game/engines/court.go:115:									Summary			0.0%
github.com/fallofpheonix/Phoenix.Crucible/game/engines/entropy.go:16:									NewEntropyEngine	100.0%
github.com/fallofpheonix/Phoenix.Crucible/game/engines/entropy.go:24:									GlobalValue		100.0%
github.com/fallofpheonix/Phoenix.Crucible/game/engines/entropy.go:31:									Tick			80.0%
github.com/fallofpheonix/Phoenix.Crucible/game/engines/entropy.go:41:									ProcessAnomaly		80.0%
github.com/fallofpheonix/Phoenix.Crucible/game/engines/entropy.go:52:									SetEntropy		0.0%
github.com/fallofpheonix/Phoenix.Crucible/game/engines/entropy.go:59:									Apply			0.0%
github.com/fallofpheonix/Phoenix.Crucible/game/engines/entropy.go:73:									Serialize		0.0%
github.com/fallofpheonix/Phoenix.Crucible/game/engines/entropy.go:80:									Deserialize		0.0%
github.com/fallofpheonix/Phoenix.Crucible/game/engines/reputation.go:13:								NewReputationEngine	100.0%
github.com/fallofpheonix/Phoenix.Crucible/game/engines/reputation.go:20:								ReputationDetails	80.0%
github.com/fallofpheonix/Phoenix.Crucible/game/engines/reputation.go:30:								RecordVerification	81.2%
github.com/fallofpheonix/Phoenix.Crucible/game/engines/reputation.go:60:								WeightedCertainty	0.0%
github.com/fallofpheonix/Phoenix.Crucible/game/engines/semantic_validator.go:24:							NewSemanticValidator	100.0%
github.com/fallofpheonix/Phoenix.Crucible/game/engines/semantic_validator.go:29:							Validate		100.0%
github.com/fallofpheonix/Phoenix.Crucible/game/engines/trust.go:14:									NewTrustEngine		100.0%
github.com/fallofpheonix/Phoenix.Crucible/game/engines/trust.go:21:									Score			80.0%
github.com/fallofpheonix/Phoenix.Crucible/game/engines/trust.go:31:									UpdateScore		81.8%
github.com/fallofpheonix/Phoenix.Crucible/game/engines/trust.go:51:									BulkDecay		0.0%
github.com/fallofpheonix/Phoenix.Crucible/game/entities/doctrine.go:22:									NewDoctrineSystem	100.0%
github.com/fallofpheonix/Phoenix.Crucible/game/entities/doctrine.go:29:									ProposeDoctrine		100.0%
github.com/fallofpheonix/Phoenix.Crucible/game/entities/guilds.go:32:									NewGuildSystem		100.0%
github.com/fallofpheonix/Phoenix.Crucible/game/entities/guilds.go:39:									CreateInstitution	100.0%
github.com/fallofpheonix/Phoenix.Crucible/game/entities/guilds.go:48:									ArchiveFact		0.0%
github.com/fallofpheonix/Phoenix.Crucible/game/simulation/bus.go:18:									NewSimulationBus	100.0%
github.com/fallofpheonix/Phoenix.Crucible/game/simulation/bus.go:27:									Subscribe		100.0%
github.com/fallofpheonix/Phoenix.Crucible/game/simulation/bus.go:36:									Dispatch		87.5%
github.com/fallofpheonix/Phoenix.Crucible/game/simulation/hash/stable.go:10:								StableMarshal		100.0%
github.com/fallofpheonix/Phoenix.Crucible/game/simulation/hash/stable.go:15:								canonicalize		37.5%
github.com/fallofpheonix/Phoenix.Crucible/game/simulation/omega/threat.go:15:								NewThreatGenerator	100.0%
github.com/fallofpheonix/Phoenix.Crucible/game/simulation/omega/threat.go:22:								GenerateAnomaly		100.0%
github.com/fallofpheonix/Phoenix.Crucible/game/simulation/replay.go:16:									NewReplayEngine		100.0%
github.com/fallofpheonix/Phoenix.Crucible/game/simulation/replay.go:25:									Replay			85.7%
github.com/fallofpheonix/Phoenix.Crucible/game/simulation/replay.go:40:									applyEvent		75.0%
github.com/fallofpheonix/Phoenix.Crucible/hypothesis/engine.go:108:									NewEngine		100.0%
github.com/fallofpheonix/Phoenix.Crucible/hypothesis/engine.go:125:									Propose			100.0%
github.com/fallofpheonix/Phoenix.Crucible/hypothesis/engine.go:146:									ReconstructFromLedger	81.8%
github.com/fallofpheonix/Phoenix.Crucible/simulation/engine.go:94:									NewEngine		100.0%
github.com/fallofpheonix/Phoenix.Crucible/simulation/engine.go:112:									Record			90.9%
github.com/fallofpheonix/Phoenix.Crucible/simulation/engine.go:141:									ReconstructFromLedger	85.7%
github.com/fallofpheonix/Phoenix.Crucible/verification/engine.go:104:									NewEngine		0.0%
github.com/fallofpheonix/Phoenix.Crucible/verification/engine.go:122:									Verify			0.0%
total:																	(statements)		44.2%
