github.com/fallofpheonix/phoenix-os/bootstrap.go:12:						main				0.0%
github.com/fallofpheonix/phoenix-os/cmd/phoenix-cli/main.go:16:					main				0.0%
github.com/fallofpheonix/phoenix-os/cmd/phoenixd/main.go:21:					main				0.0%
github.com/fallofpheonix/phoenix-os/core/trace/phoenixmind-trace/causal.go:36:			AddLink				100.0%
github.com/fallofpheonix/phoenix-os/core/trace/phoenixmind-trace/causal.go:46:			GetEffectsOf			100.0%
github.com/fallofpheonix/phoenix-os/core/trace/phoenixmind-trace/checkpoint.go:30:		CreateCheckpoint		100.0%
github.com/fallofpheonix/phoenix-os/core/trace/phoenixmind-trace/checkpoint.go:42:		GetCheckpoint			75.0%
github.com/fallofpheonix/phoenix-os/core/trace/phoenixmind-trace/history.go:29:			AddEntry			100.0%
github.com/fallofpheonix/phoenix-os/core/trace/phoenixmind-trace/history.go:39:			GetHistoryForEntity		100.0%
github.com/fallofpheonix/phoenix-os/core/trace/phoenixmind-trace/lineage.go:30:			AddLink				100.0%
github.com/fallofpheonix/phoenix-os/core/trace/phoenixmind-trace/lineage.go:40:			GetLineageForID			100.0%
github.com/fallofpheonix/phoenix-os/core/trace/phoenixmind-trace/timeline.go:31:		AddEvent			100.0%
github.com/fallofpheonix/phoenix-os/core/trace/phoenixmind-trace/timeline.go:38:		GetEventsForEntity		100.0%
github.com/fallofpheonix/phoenix-os/phoenix_os/ai/feature.go:84:				Name				0.0%
github.com/fallofpheonix/phoenix-os/phoenix_os/ai/feature.go:86:				SetPaused			0.0%
github.com/fallofpheonix/phoenix-os/phoenix_os/ai/feature.go:92:				RebuildFromLedger		0.0%
github.com/fallofpheonix/phoenix-os/phoenix_os/ai/feature.go:112:				AddEvent			0.0%
github.com/fallofpheonix/phoenix-os/phoenix_os/ai/feature.go:127:				VerifyPath			0.0%
github.com/fallofpheonix/phoenix-os/phoenix_os/ai/feature.go:172:				Name				0.0%
github.com/fallofpheonix/phoenix-os/phoenix_os/ai/feature.go:179:				Write				0.0%
github.com/fallofpheonix/phoenix-os/phoenix_os/ai/feature.go:195:				Name				0.0%
github.com/fallofpheonix/phoenix-os/phoenix_os/ai/feature.go:202:				Process				0.0%
github.com/fallofpheonix/phoenix-os/phoenix_os/ai/feature.go:219:				Name				0.0%
github.com/fallofpheonix/phoenix-os/phoenix_os/ai/feature.go:227:				AddAndEvaluate			0.0%
github.com/fallofpheonix/phoenix-os/phoenix_os/ai/feature.go:242:				EvaluateDegradation		0.0%
github.com/fallofpheonix/phoenix-os/phoenix_os/ai/feature.go:267:				Name				0.0%
github.com/fallofpheonix/phoenix-os/phoenix_os/ai/feature.go:277:				Evaluate			0.0%
github.com/fallofpheonix/phoenix-os/phoenix_os/ai/feature.go:295:				Name				0.0%
github.com/fallofpheonix/phoenix-os/phoenix_os/ai/feature.go:309:				Actuate				0.0%
github.com/fallofpheonix/phoenix-os/phoenix_os/ai/feature.go:343:				Name				0.0%
github.com/fallofpheonix/phoenix-os/phoenix_os/ai/feature.go:349:				ReadAudit			0.0%
github.com/fallofpheonix/phoenix-os/phoenix_os/ai/feature.go:369:				Name				0.0%
github.com/fallofpheonix/phoenix-os/phoenix_os/ai/nexus_bridge.go:84:				NewNexusBridge			0.0%
github.com/fallofpheonix/phoenix-os/phoenix_os/ai/nexus_bridge.go:104:				RequestDirective		0.0%
github.com/fallofpheonix/phoenix-os/phoenix_os/ai/orchestrator.go:84:				NewAIOrchestrator		0.0%
github.com/fallofpheonix/phoenix-os/phoenix_os/ai/orchestrator.go:102:				RegisterFeature			0.0%
github.com/fallofpheonix/phoenix-os/phoenix_os/ai/orchestrator.go:106:				GetFeature			0.0%
github.com/fallofpheonix/phoenix-os/phoenix_os/ai/orchestrator.go:120:				StartNetworking			0.0%
github.com/fallofpheonix/phoenix-os/phoenix_os/ai/orchestrator.go:151:				StopNetworking			0.0%
github.com/fallofpheonix/phoenix-os/phoenix_os/ai/orchestrator.go:159:				ReconcileGraph			0.0%
github.com/fallofpheonix/phoenix-os/phoenix_os/ai/orchestrator.go:189:				OrchestrateTick			0.0%
github.com/fallofpheonix/phoenix-os/phoenix_os/ai/predictive_advisor.go:23:			NewPredictiveAdvisor		0.0%
github.com/fallofpheonix/phoenix-os/phoenix_os/ai/predictive_advisor.go:31:			CalculateWeight			0.0%
github.com/fallofpheonix/phoenix-os/phoenix_os/ai/predictive_advisor.go:42:			LogPrediction			0.0%
github.com/fallofpheonix/phoenix-os/phoenix_os/arbiter/arbiter.go:55:				NewArbiter			0.0%
github.com/fallofpheonix/phoenix-os/phoenix_os/arbiter/arbiter.go:68:				Evaluate			0.0%
github.com/fallofpheonix/phoenix-os/phoenix_os/boot/boot.go:26:					NewSubsystemInfo		0.0%
github.com/fallofpheonix/phoenix-os/phoenix_os/boot/boot.go:47:					CaptureBootTelemetry		0.0%
github.com/fallofpheonix/phoenix-os/phoenix_os/boot/boot.go:66:					VerifyBoot			0.0%
github.com/fallofpheonix/phoenix-os/phoenix_os/bus/bus.go:90:					Authenticate			0.0%
github.com/fallofpheonix/phoenix-os/phoenix_os/bus/bus.go:124:					NewBus				100.0%
github.com/fallofpheonix/phoenix-os/phoenix_os/bus/bus.go:135:					getTopicState			91.7%
github.com/fallofpheonix/phoenix-os/phoenix_os/bus/bus.go:160:					Subscribe			100.0%
github.com/fallofpheonix/phoenix-os/phoenix_os/bus/bus.go:176:					Publish				59.0%
github.com/fallofpheonix/phoenix-os/phoenix_os/bus/bus.go:254:					QueuePressure			0.0%
github.com/fallofpheonix/phoenix-os/phoenix_os/common/config/redlines.go:36:			LoadRedLines			0.0%
github.com/fallofpheonix/phoenix-os/phoenix_os/common/logical_clock/logical_clock.go:16:	NewClock			0.0%
github.com/fallofpheonix/phoenix-os/phoenix_os/common/logical_clock/logical_clock.go:20:	Tick				0.0%
github.com/fallofpheonix/phoenix-os/phoenix_os/common/logical_clock/logical_clock.go:24:	Current				0.0%
github.com/fallofpheonix/phoenix-os/phoenix_os/common/resource/allocator.go:19:			NewBoundedAllocator		0.0%
github.com/fallofpheonix/phoenix-os/phoenix_os/common/resource/allocator.go:26:			Allocate			0.0%
github.com/fallofpheonix/phoenix-os/phoenix_os/common/resource/allocator.go:35:			Deallocate			0.0%
github.com/fallofpheonix/phoenix-os/phoenix_os/common/serialization/canonical.go:15:		CanonicalJSON			0.0%
github.com/fallofpheonix/phoenix-os/phoenix_os/game/game_server.go:48:				NewScoreState			0.0%
github.com/fallofpheonix/phoenix-os/phoenix_os/game/game_server.go:70:				NewGameServer			0.0%
github.com/fallofpheonix/phoenix-os/phoenix_os/game/game_server.go:78:				Start				0.0%
github.com/fallofpheonix/phoenix-os/phoenix_os/guard/guard.go:69:				NewGuardAdapter			0.0%
github.com/fallofpheonix/phoenix-os/phoenix_os/guard/guard.go:81:				FetchEvents			0.0%
github.com/fallofpheonix/phoenix-os/phoenix_os/guard/guard.go:93:				GetSequenceHash			0.0%
github.com/fallofpheonix/phoenix-os/phoenix_os/monitor/monitor.go:62:				NewMonitorService		0.0%
github.com/fallofpheonix/phoenix-os/phoenix_os/monitor/monitor.go:72:				Process				0.0%
github.com/fallofpheonix/phoenix-os/phoenix_os/recovery/recovery.go:53:				NewRecoveryLoop			0.0%
github.com/fallofpheonix/phoenix-os/phoenix_os/recovery/recovery.go:60:				Start				0.0%
github.com/fallofpheonix/phoenix-os/phoenix_os/tcs/tcs.go:22:					NewSlidingWindow		0.0%
github.com/fallofpheonix/phoenix-os/phoenix_os/tcs/tcs.go:23:					AddEvent			0.0%
github.com/fallofpheonix/phoenix-os/phoenix_os/tcs/tcs.go:24:					Evaluate			0.0%
github.com/fallofpheonix/phoenix-os/phoenix_os/tcs/tcs.go:28:					NewDegradationMonitor		0.0%
github.com/fallofpheonix/phoenix-os/phoenix_os/tcs/tcs.go:29:					IsDegraded			0.0%
github.com/fallofpheonix/phoenix-os/phoenix_os/tcs/tcs.go:30:					Evaluate			0.0%
github.com/fallofpheonix/phoenix-os/phoenix_os/telemetry/process_graphs/graph.go:34:		NewGraph			0.0%
github.com/fallofpheonix/phoenix-os/phoenix_os/telemetry/process_graphs/graph.go:41:		AddNode				0.0%
github.com/fallofpheonix/phoenix-os/phoenix_os/telemetry/process_graphs/graph.go:47:		AddEdge				0.0%
github.com/fallofpheonix/phoenix-os/phoenix_os/trace/trace.go:47:				NewTraceStorage			0.0%
github.com/fallofpheonix/phoenix-os/phoenix_os/trace/trace.go:56:				Write				0.0%
github.com/fallofpheonix/phoenix-os/phoenix_os/trace/trace.go:62:				Close				0.0%
github.com/fallofpheonix/phoenix-os/tests/distributed_init.go:20:				main				0.0%
github.com/fallofpheonix/phoenix-os/tests/truth/test_conflict_detector.go:12:			TestConflictDetectorPlaceholder	0.0%
github.com/fallofpheonix/phoenix-os/tests/truth/test_dependency_validator.go:12:		TestDependencyValidator		0.0%
github.com/fallofpheonix/phoenix-os/tests/truth/test_escalation.go:12:				TestEscalation			0.0%
github.com/fallofpheonix/phoenix-os/tests/truth/test_evidence_registry.go:15:			TestEvidenceRegistry		0.0%
github.com/fallofpheonix/phoenix-os/tests/truth/test_observation_validator.go:12:		TestObservationValidator	0.0%
github.com/fallofpheonix/phoenix-os/tests/truth/test_policy_enforcement.go:12:			TestPolicyEnforcement		0.0%
github.com/fallofpheonix/phoenix-os/tests/truth/test_runtime_validator.go:12:			TestRuntimeValidator		0.0%
github.com/fallofpheonix/phoenix-os/tests/truth/test_truth_score.go:12:				TestTruthScore			0.0%
github.com/fallofpheonix/phoenix-os/tools/full_system_audit.go:26:				VerifyPath			0.0%
github.com/fallofpheonix/phoenix-os/tools/full_system_audit.go:30:				main				0.0%
github.com/fallofpheonix/phoenix-os/tools/mock_oracle/main.go:16:				main				0.0%
github.com/fallofpheonix/phoenix-os/tools/reconcile_dag/main.go:16:				main				0.0%
total:												(statements)			13.9%
