github.com/fallofpheonix/PhoenixGuard/actuation/executor.go:57:			NewExecutor		100.0%
github.com/fallofpheonix/PhoenixGuard/actuation/executor.go:84:			Execute			87.5%
github.com/fallofpheonix/PhoenixGuard/actuation/sandbox.go:46:			NewSandboxWarden	0.0%
github.com/fallofpheonix/PhoenixGuard/actuation/sandbox.go:67:			IsolateProcess		0.0%
github.com/fallofpheonix/PhoenixGuard/actuators/ebpf.go:23:			NewEBPFActuator		0.0%
github.com/fallofpheonix/PhoenixGuard/actuators/ebpf.go:27:			Name			0.0%
github.com/fallofpheonix/PhoenixGuard/actuators/ebpf.go:31:			Warn			0.0%
github.com/fallofpheonix/PhoenixGuard/actuators/ebpf.go:36:			Throttle		0.0%
github.com/fallofpheonix/PhoenixGuard/actuators/ebpf.go:41:			Freeze			0.0%
github.com/fallofpheonix/PhoenixGuard/actuators/ebpf.go:47:			Isolate			0.0%
github.com/fallofpheonix/PhoenixGuard/actuators/ebpf.go:61:			Kill			0.0%
github.com/fallofpheonix/PhoenixGuard/actuators/process.go:22:			NewProcessActuator	0.0%
github.com/fallofpheonix/PhoenixGuard/actuators/process.go:26:			Name			0.0%
github.com/fallofpheonix/PhoenixGuard/actuators/process.go:31:			Warn			0.0%
github.com/fallofpheonix/PhoenixGuard/actuators/process.go:37:			Throttle		0.0%
github.com/fallofpheonix/PhoenixGuard/actuators/process.go:46:			Freeze			0.0%
github.com/fallofpheonix/PhoenixGuard/actuators/process.go:54:			Isolate			0.0%
github.com/fallofpheonix/PhoenixGuard/actuators/process.go:62:			Kill			0.0%
github.com/fallofpheonix/PhoenixGuard/actuators/process.go:69:			sendSignal		0.0%
github.com/fallofpheonix/PhoenixGuard/audit/jsonl_writer.go:15:			WriteJSONL		83.3%
github.com/fallofpheonix/PhoenixGuard/audit/violation_log.go:25:		Log			0.0%
github.com/fallofpheonix/PhoenixGuard/control/fsm.go:37:			NewController		0.0%
github.com/fallofpheonix/PhoenixGuard/control/fsm.go:47:			UpdateState		0.0%
github.com/fallofpheonix/PhoenixGuard/control/fsm.go:86:			GetStatus		0.0%
github.com/fallofpheonix/PhoenixGuard/emergency/killswitch.go:53:		NewKillSwitch		100.0%
github.com/fallofpheonix/PhoenixGuard/emergency/killswitch.go:75:		Engage			85.7%
github.com/fallofpheonix/PhoenixGuard/emergency/killswitch.go:96:		IsEngaged		100.0%
github.com/fallofpheonix/PhoenixGuard/emergency/killswitch.go:104:		Status			0.0%
github.com/fallofpheonix/PhoenixGuard/engine/warden.go:92:			NewWarden		100.0%
github.com/fallofpheonix/PhoenixGuard/engine/warden.go:111:			Actuate			0.0%
github.com/fallofpheonix/PhoenixGuard/engine/warden.go:133:			Transition		100.0%
github.com/fallofpheonix/PhoenixGuard/engine/warden.go:169:			isValidTransition	80.0%
github.com/fallofpheonix/PhoenixGuard/engine/warden.go:207:			Lock			100.0%
github.com/fallofpheonix/PhoenixGuard/engine/warden.go:221:			GetState		0.0%
github.com/fallofpheonix/PhoenixGuard/game/stackelberg/solver.go:30:		NewDefaultMatrix	0.0%
github.com/fallofpheonix/PhoenixGuard/game/stackelberg/solver.go:51:		Solve			0.0%
github.com/fallofpheonix/PhoenixGuard/policies/trust_matrix.go:20:		Check			66.7%
github.com/fallofpheonix/PhoenixGuard/security/incident_response.go:139:	ClassifyIncident	0.0%
github.com/fallofpheonix/PhoenixGuard/security/threat_detection.go:113:		Detect			0.0%
github.com/fallofpheonix/PhoenixGuard/security/threat_detection.go:121:		GetThreats		0.0%
github.com/fallofpheonix/PhoenixGuard/security/threat_detection.go:126:		Respond			0.0%
total:										(statements)		31.8%
