github.com/fallofpheonix/PhoenixTrace/engine/mapper.go:52:				NewGraphEngine		100.0%
github.com/fallofpheonix/PhoenixTrace/engine/mapper.go:65:				GetNode			100.0%
github.com/fallofpheonix/PhoenixTrace/engine/mapper.go:72:				HandleFork		100.0%
github.com/fallofpheonix/PhoenixTrace/engine/mapper.go:94:				HandleIsolation		90.9%
github.com/fallofpheonix/PhoenixTrace/engine/mapper.go:119:				GetCausalChain		90.9%
github.com/fallofpheonix/PhoenixTrace/engine/process_graphs/process_graphs.go:58:	NewGraph		0.0%
github.com/fallofpheonix/PhoenixTrace/engine/process_graphs/process_graphs.go:66:	AddNode			0.0%
github.com/fallofpheonix/PhoenixTrace/engine/process_graphs/process_graphs.go:74:	AddEdge			0.0%
github.com/fallofpheonix/PhoenixTrace/engine/process_graphs/process_graphs.go:81:	GetCausalSubtree	0.0%
github.com/fallofpheonix/PhoenixTrace/engine/process_graphs/process_graphs.go:91:	GetAncestors		0.0%
github.com/fallofpheonix/PhoenixTrace/engine/process_graphs/process_graphs.go:101:	dfs			0.0%
github.com/fallofpheonix/PhoenixTrace/engine/process_graphs/process_graphs.go:112:	dfsReverse		0.0%
github.com/fallofpheonix/PhoenixTrace/engine/process_graphs/process_graphs.go:123:	GetLineage		0.0%
github.com/fallofpheonix/PhoenixTrace/engine/process_graphs/process_graphs.go:132:	Example			0.0%
github.com/fallofpheonix/PhoenixTrace/engine/process_lineage/lineage.go:38:		NewLineageGraph		0.0%
github.com/fallofpheonix/PhoenixTrace/engine/process_lineage/lineage.go:45:		AddProcess		0.0%
github.com/fallofpheonix/PhoenixTrace/engine/process_lineage/lineage.go:80:		ExitProcess		0.0%
github.com/fallofpheonix/PhoenixTrace/engine/process_lineage/lineage.go:91:		GetAncestors		0.0%
github.com/fallofpheonix/PhoenixTrace/engine/process_lineage/lineage.go:112:		GetDescendants		0.0%
github.com/fallofpheonix/PhoenixTrace/engine/process_lineage/lineage.go:144:		Size			0.0%
total:											(statements)		25.5%
