mode: atomic
sentinel/telemetry/entropy_engine/src/main.go:19.13,24.10 4 0
sentinel/telemetry/entropy_engine/src/main.go:24.10,28.25 4 0
sentinel/telemetry/entropy_engine/src/main.go:28.25,30.4 1 0
sentinel/telemetry/entropy_engine/src/main.go:32.3,37.9 5 0
sentinel/telemetry/entropy_engine/src/main.go:40.2,40.19 1 0
sentinel/telemetry/entropy_engine/src/main.go:40.19,42.17 2 0
sentinel/telemetry/entropy_engine/src/main.go:42.17,45.4 2 0
sentinel/telemetry/entropy_engine/src/main.go:46.3,49.60 3 0
sentinel/telemetry/entropy_engine/src/main.go:49.60,52.4 2 0
sentinel/telemetry/entropy_engine/src/main.go:54.3,55.28 2 0
sentinel/telemetry/entropy_engine/src/main.go:55.28,57.18 2 0
sentinel/telemetry/entropy_engine/src/main.go:57.18,60.5 1 0
sentinel/telemetry/entropy_engine/src/main.go:61.4,61.66 1 0
sentinel/telemetry/entropy_engine/src/main.go:64.3,66.9 3 0
sentinel/telemetry/entropy_engine/src/main.go:69.2,70.12 2 0
sentinel/telemetry/entropy_engine/entropy.go:15.56,16.20 1 9
sentinel/telemetry/entropy_engine/entropy.go:16.20,18.3 1 1
sentinel/telemetry/entropy_engine/entropy.go:20.2,21.25 2 8
sentinel/telemetry/entropy_engine/entropy.go:21.25,23.3 1 1285
sentinel/telemetry/entropy_engine/entropy.go:25.2,29.27 4 8
sentinel/telemetry/entropy_engine/entropy.go:29.27,31.12 2 2048
sentinel/telemetry/entropy_engine/entropy.go:31.12,34.44 2 815
sentinel/telemetry/entropy_engine/entropy.go:34.44,36.14 2 258
sentinel/telemetry/entropy_engine/entropy.go:36.14,38.6 1 258
sentinel/telemetry/entropy_engine/entropy.go:38.11,40.6 1 0
sentinel/telemetry/entropy_engine/entropy.go:45.2,51.3 2 8
sentinel/telemetry/entropy_engine/entropy.go:55.44,58.2 2 0
