github.com/fallofpheonix/PhoenixMind/advisory/publisher.go:71:			NewPublisher			0.0%
github.com/fallofpheonix/PhoenixMind/advisory/publisher.go:82:			Publish				0.0%
github.com/fallofpheonix/PhoenixMind/intelligence/analytics.go:56:		NewAnalyticsHub			100.0%
github.com/fallofpheonix/PhoenixMind/intelligence/analytics.go:64:		ProcessSimulatedActuation	100.0%
github.com/fallofpheonix/PhoenixMind/intelligence/analytics.go:92:		updateMetrics			100.0%
github.com/fallofpheonix/PhoenixMind/intelligence/analytics.go:108:		ExportReport			100.0%
github.com/fallofpheonix/PhoenixMind/intelligence/brain_integration.go:34:	IntegrateBrain			76.5%
github.com/fallofpheonix/PhoenixMind/intelligence/feature.go:66:		Name				100.0%
github.com/fallofpheonix/PhoenixMind/intelligence/feature.go:76:		Process				100.0%
github.com/fallofpheonix/PhoenixMind/intelligence/feature.go:85:		Name				0.0%
github.com/fallofpheonix/PhoenixMind/intelligence/feature.go:95:		AddAndEvaluate			0.0%
github.com/fallofpheonix/PhoenixMind/intelligence/feature.go:112:		EvaluateDegradation		0.0%
github.com/fallofpheonix/PhoenixMind/intelligence/feature.go:131:		Name				0.0%
github.com/fallofpheonix/PhoenixMind/intelligence/feature.go:141:		Evaluate			0.0%
github.com/fallofpheonix/PhoenixMind/intelligence/feature.go:161:		Name				100.0%
github.com/fallofpheonix/PhoenixMind/intelligence/feature.go:163:		IsSimulation			100.0%
github.com/fallofpheonix/PhoenixMind/intelligence/feature.go:173:		Actuate				69.2%
github.com/fallofpheonix/PhoenixMind/intelligence/feature.go:229:		Name				0.0%
github.com/fallofpheonix/PhoenixMind/intelligence/feature.go:239:		ReadAudit			0.0%
github.com/fallofpheonix/PhoenixMind/intelligence/feature.go:251:		Name				100.0%
github.com/fallofpheonix/PhoenixMind/intelligence/feature.go:259:		Name				0.0%
github.com/fallofpheonix/PhoenixMind/intelligence/feature.go:267:		Name				0.0%
github.com/fallofpheonix/PhoenixMind/intelligence/feature.go:274:		Name				0.0%
github.com/fallofpheonix/PhoenixMind/intelligence/feature.go:281:		Name				0.0%
github.com/fallofpheonix/PhoenixMind/intelligence/feature.go:295:		Name				100.0%
github.com/fallofpheonix/PhoenixMind/intelligence/governance.go:64:		NewGovernanceMonitor		100.0%
github.com/fallofpheonix/PhoenixMind/intelligence/governance.go:77:		monitorResources		20.0%
github.com/fallofpheonix/PhoenixMind/intelligence/governance.go:100:		RecordSensorClaim		92.9%
github.com/fallofpheonix/PhoenixMind/intelligence/governance.go:126:		GetReputation			100.0%
github.com/fallofpheonix/PhoenixMind/intelligence/governance.go:137:		RecordDecisionStart		100.0%
github.com/fallofpheonix/PhoenixMind/intelligence/governance.go:144:		RecordExplanationComplete	100.0%
github.com/fallofpheonix/PhoenixMind/intelligence/governance.go:158:		AuditDeterminism		100.0%
github.com/fallofpheonix/PhoenixMind/intelligence/governance.go:179:		CalculateMTTE			87.5%
github.com/fallofpheonix/PhoenixMind/intelligence/nexus_bridge.go:61:		NewNexusBridge			100.0%
github.com/fallofpheonix/PhoenixMind/intelligence/nexus_bridge.go:70:		Name				0.0%
github.com/fallofpheonix/PhoenixMind/intelligence/nexus_bridge.go:75:		Reason				100.0%
github.com/fallofpheonix/PhoenixMind/intelligence/nexus_bridge.go:100:		RequestDirective		29.0%
github.com/fallofpheonix/PhoenixMind/intelligence/orchestrator.go:88:		NewAIOrchestrator		100.0%
github.com/fallofpheonix/PhoenixMind/intelligence/orchestrator.go:142:		RegisterFeature			100.0%
github.com/fallofpheonix/PhoenixMind/intelligence/orchestrator.go:154:		GetFeature			100.0%
github.com/fallofpheonix/PhoenixMind/intelligence/orchestrator.go:167:		StartNetworking			0.0%
github.com/fallofpheonix/PhoenixMind/intelligence/orchestrator.go:206:		StopNetworking			0.0%
github.com/fallofpheonix/PhoenixMind/intelligence/orchestrator.go:222:		ReconcileGraph			83.3%
github.com/fallofpheonix/PhoenixMind/intelligence/orchestrator.go:244:		OrchestrateTick			100.0%
github.com/fallofpheonix/PhoenixMind/intelligence/orchestrator.go:277:		ingressStage			90.0%
github.com/fallofpheonix/PhoenixMind/intelligence/orchestrator.go:303:		sensoryStage			90.0%
github.com/fallofpheonix/PhoenixMind/intelligence/orchestrator.go:324:		temporalStage			50.0%
github.com/fallofpheonix/PhoenixMind/intelligence/orchestrator.go:337:		strategicStage			100.0%
github.com/fallofpheonix/PhoenixMind/intelligence/orchestrator.go:346:		runCognitivePipeline		81.8%
github.com/fallofpheonix/PhoenixMind/intelligence/predictive_advisor.go:46:	NewPredictiveAdvisor		66.7%
github.com/fallofpheonix/PhoenixMind/intelligence/predictive_advisor.go:73:	CalculateWeight			0.0%
github.com/fallofpheonix/PhoenixMind/intelligence/predictive_advisor.go:97:	LogPrediction			0.0%
github.com/fallofpheonix/PhoenixMind/intelligence/predictive_advisor.go:127:	Close				0.0%
github.com/fallofpheonix/PhoenixMind/intelligence/reasoning.go:53:		NewEngine			100.0%
github.com/fallofpheonix/PhoenixMind/intelligence/reasoning.go:70:		ProcessTelemetry		64.3%
github.com/fallofpheonix/PhoenixMind/intelligence/recovery.go:31:		NewRecoveryManager		100.0%
github.com/fallofpheonix/PhoenixMind/intelligence/recovery.go:40:		TriggerRollback			100.0%
github.com/fallofpheonix/PhoenixMind/intelligence/recovery.go:63:		Reset				0.0%
github.com/fallofpheonix/PhoenixMind/memory/retrieval.go:34:			NewCognitiveMemoryBridge	0.0%
github.com/fallofpheonix/PhoenixMind/memory/retrieval.go:41:			RetrieveContext			0.0%
total:										(statements)			62.0%
